   ▲ Next.js 15.5.19
   - Environments: .env

   Creating an optimized production build ...
 ✓ Compiled successfully in 15.0s
   Linting and checking validity of types ...
   Collecting page data ...
   Generating static pages (0/25) ...
   Generating static pages (6/25) 
   Generating static pages (12/25) 
   Generating static pages (18/25) 
 ✓ Generating static pages (25/25)
   Finalizing page optimization ...
   Collecting build traces ...

Route (app)                                 Size  First Load JS  Revalidate  Expire
┌ ○ /                                    3.57 kB         124 kB          1m      1y
├ ○ /_not-found                            176 B         103 kB
├ ○ /account                             4.69 kB         121 kB
├ ƒ /admin                               6.42 kB         124 kB
├ ○ /admin/inventory                     7.99 kB         123 kB
├ ○ /admin/orders                        4.82 kB         120 kB
├ ○ /admin/products                      12.1 kB         130 kB
├ ƒ /api/admin/inventory/[id]              176 B         103 kB
├ ƒ /api/admin/orders                      176 B         103 kB
├ ƒ /api/admin/products                    176 B         103 kB
├ ƒ /api/admin/products/[id]               176 B         103 kB
├ ƒ /api/admin/upload                      176 B         103 kB
├ ƒ /api/auth/login                        176 B         103 kB
├ ƒ /api/auth/logout                       176 B         103 kB
├ ƒ /api/auth/me                           176 B         103 kB
├ ƒ /api/auth/register                     176 B         103 kB
├ ƒ /api/cart                              176 B         103 kB
├ ƒ /api/orders                            176 B         103 kB
├ ƒ /api/orders/[id]                       176 B         103 kB
├ ƒ /api/products                          176 B         103 kB
├ ƒ /api/products/[id]                     176 B         103 kB
├ ○ /cart                                2.91 kB         128 kB
├ ○ /icon.svg                                0 B            0 B
├ ○ /login                                5.9 kB         124 kB          1m      1y
├ ○ /orders                              7.49 kB         126 kB
├ ƒ /orders/[id]                         7.48 kB         126 kB
├ ƒ /products                            4.15 kB         125 kB
├ ƒ /products/[id]                       4.62 kB         126 kB
├ ○ /robots.txt                            176 B         103 kB
└ ○ /sitemap.xml                           176 B         103 kB
+ First Load JS shared by all             102 kB
  ├ chunks/1255-5c680abb9db89955.js      46.2 kB
  ├ chunks/4bd1b696-f785427dddbba9fb.js  54.2 kB
  └ other shared chunks (total)          2.01 kB


ƒ Middleware                             39.9 kB

○  (Static)   prerendered as static content
ƒ  (Dynamic)  server-rendered on demand

